// Jest Snapshot v1, https://goo.gl/fbAQLP

exports[`renders 1`] = `
<section
  className="ParticipantList"
>
  <div
    className="List-Participants"
  />
</section>
`;
